[ 2026-08-20 16:13:16,176 ] 1025 httpx -INFO - HTTP Request: GET https://dagshub.com/api/v1/user "HTTP/1.1 200 OK"
[ 2026-08-20 16:13:16,198 ] 107 dagshub -INFO - Accessing as NarmataGoel
[ 2026-08-20 16:13:17,715 ] 1025 httpx -INFO - HTTP Request: GET https://dagshub.com/api/v1/repos/NarmataGoel/NetworkSecurity "HTTP/1.1 200 OK"
[ 2026-08-20 16:13:19,117 ] 1025 httpx -INFO - HTTP Request: GET https://dagshub.com/api/v1/user "HTTP/1.1 200 OK"
[ 2026-08-20 16:13:19,121 ] 107 dagshub -INFO - Initialized MLflow to track repo "NarmataGoel/NetworkSecurity"
[ 2026-08-20 16:13:19,126 ] 107 dagshub -INFO - Repository NarmataGoel/NetworkSecurity initialized!
[ 2026-08-20 16:13:25,311 ] 34 root -INFO - start data ingestion
[ 2026-08-20 16:13:36,606 ] 57 root -INFO - performed train test split
[ 2026-08-20 16:13:36,612 ] 60 root -INFO - exporting train and test file path
[ 2026-08-20 16:13:36,832 ] 63 root -INFO - exporting train and test file path
[ 2026-08-20 16:13:36,832 ] 37 root -INFO - Data Ingestion completed and DataIngestionArtifact(trained_file_path='Artifacts\\08_20_2026_16_13_08\\data_ingestion\\ingested\\train.csv', test_file_path='Artifacts\\08_20_2026_16_13_08\\data_ingestion\\ingested\\test.csv')
[ 2026-08-20 16:13:36,832 ] 46 root -INFO - start data validation
[ 2026-08-20 16:13:36,911 ] 33 root -INFO - required no of columns:2
[ 2026-08-20 16:13:36,912 ] 34 root -INFO - Data frame columns:31
[ 2026-08-20 16:13:36,912 ] 33 root -INFO - required no of columns:2
[ 2026-08-20 16:13:36,912 ] 34 root -INFO - Data frame columns:31
[ 2026-08-20 16:13:37,424 ] 49 root -INFO - Data validation completed and DataValidationArtifact(validation_status=True, valid_train_file_path='Artifacts\\08_20_2026_16_13_08\\data_validation\\validated\\train.csv', valid_test_file_path='Artifacts\\08_20_2026_16_13_08\\data_validation\\validated\\test.csv', invalid_train_file_path=None, invalid_test_file_path=None, drift_report_file_path='Artifacts\\08_20_2026_16_13_08\\data_validation\\drift_report\\report.yaml')
[ 2026-08-20 16:13:37,425 ] 58 root -INFO - start data transformation
[ 2026-08-20 16:13:37,425 ] 58 root -INFO - entered initiate_data_transformation method of datatransformation class
[ 2026-08-20 16:13:37,425 ] 60 root -INFO - start data transformation
[ 2026-08-20 16:13:37,492 ] 40 root -INFO - entered get_data_transformer_object method of transformation
[ 2026-08-20 16:13:37,492 ] 45 root -INFO - initialize KNNImputer with {'missing_values': nan, 'n_neighbors': 3, 'weights': 'uniform'}
[ 2026-08-20 16:13:37,523 ] 41 root -INFO - entered the save_object method of MainUtils class
[ 2026-08-20 16:13:37,531 ] 45 root -INFO - excited the save_object method of mainUtils class
[ 2026-08-20 16:13:37,531 ] 41 root -INFO - entered the save_object method of MainUtils class
[ 2026-08-20 16:13:37,533 ] 45 root -INFO - excited the save_object method of mainUtils class
[ 2026-08-20 16:13:37,539 ] 61 root -INFO - Data transformation completed and DataTransformationArtifact(transformed_object_file_path='Artifacts\\08_20_2026_16_13_08\\data_transformation\\transformed_object\\preprocessing.pkl', transformed_train_file_path='Artifacts\\08_20_2026_16_13_08\\data_transformation\\transformed\\train.npy', transformed_test_file_path='Artifacts\\08_20_2026_16_13_08\\data_transformation\\transformed\\test.npy')
[ 2026-08-20 16:13:37,539 ] 70 root -INFO - start model trainer
[ 2026-08-20 16:20:05,208 ] 41 root -INFO - entered the save_object method of MainUtils class
[ 2026-08-20 16:20:05,281 ] 45 root -INFO - excited the save_object method of mainUtils class
[ 2026-08-20 16:20:05,281 ] 41 root -INFO - entered the save_object method of MainUtils class
[ 2026-08-20 16:20:05,283 ] 45 root -INFO - excited the save_object method of mainUtils class
[ 2026-08-20 16:20:05,284 ] 115 root -INFO - model trainer artifact:ModelTrainerArtifact(trained_model_file_path='Artifacts\\08_20_2026_16_13_08\\model_trainer\\trained_model\\model.pkl', train_metric_artifact=ClassificationMetricArtifact(f1_score=0.9907567293042153, precision_score=0.99206672091131, recall_score=0.99206672091131), test_metric_artifact=ClassificationMetricArtifact(f1_score=0.9806295399515739, precision_score=0.9790491539081386, recall_score=0.9790491539081386))
[ 2026-08-20 16:20:05,294 ] 73 root -INFO - model trainer completed and ModelTrainerArtifact(trained_model_file_path='Artifacts\\08_20_2026_16_13_08\\model_trainer\\trained_model\\model.pkl', train_metric_artifact=ClassificationMetricArtifact(f1_score=0.9907567293042153, precision_score=0.99206672091131, recall_score=0.99206672091131), test_metric_artifact=ClassificationMetricArtifact(f1_score=0.9806295399515739, precision_score=0.9790491539081386, recall_score=0.9790491539081386))
