[ 2026-08-20 16:07:53,297 ] 1025 httpx -INFO - HTTP Request: GET https://dagshub.com/api/v1/user "HTTP/1.1 200 OK"
[ 2026-08-20 16:07:53,348 ] 107 dagshub -INFO - Accessing as NarmataGoel
[ 2026-08-20 16:07:55,589 ] 1025 httpx -INFO - HTTP Request: GET https://dagshub.com/api/v1/repos/NarmataGoel/NetworkSecurity "HTTP/1.1 200 OK"
[ 2026-08-20 16:07:57,150 ] 1025 httpx -INFO - HTTP Request: GET https://dagshub.com/api/v1/user "HTTP/1.1 200 OK"
[ 2026-08-20 16:07:57,156 ] 107 dagshub -INFO - Initialized MLflow to track repo "NarmataGoel/NetworkSecurity"
[ 2026-08-20 16:07:57,158 ] 107 dagshub -INFO - Repository NarmataGoel/NetworkSecurity initialized!
[ 2026-08-20 16:10:11,574 ] 34 root -INFO - start data ingestion
[ 2026-08-20 16:10:27,778 ] 57 root -INFO - performed train test split
[ 2026-08-20 16:10:27,780 ] 60 root -INFO - exporting train and test file path
[ 2026-08-20 16:10:27,977 ] 63 root -INFO - exporting train and test file path
[ 2026-08-20 16:10:27,979 ] 37 root -INFO - Data Ingestion completed and DataIngestionArtifact(trained_file_path='Artifacts\\08_20_2026_16_07_42\\data_ingestion\\ingested\\train.csv', test_file_path='Artifacts\\08_20_2026_16_07_42\\data_ingestion\\ingested\\test.csv')
[ 2026-08-20 16:10:27,979 ] 46 root -INFO - start data validation
[ 2026-08-20 16:10:28,077 ] 33 root -INFO - required no of columns:2
[ 2026-08-20 16:10:28,077 ] 34 root -INFO - Data frame columns:31
[ 2026-08-20 16:10:28,077 ] 33 root -INFO - required no of columns:2
[ 2026-08-20 16:10:28,077 ] 34 root -INFO - Data frame columns:31
[ 2026-08-20 16:10:28,672 ] 49 root -INFO - Data validation completed and DataValidationArtifact(validation_status=False, valid_train_file_path='Artifacts\\08_20_2026_16_07_42\\data_validation\\validated\\train.csv', valid_test_file_path='Artifacts\\08_20_2026_16_07_42\\data_validation\\validated\\test.csv', invalid_train_file_path=None, invalid_test_file_path=None, drift_report_file_path='Artifacts\\08_20_2026_16_07_42\\data_validation\\drift_report\\report.yaml')
[ 2026-08-20 16:10:28,672 ] 58 root -INFO - start data transformation
[ 2026-08-20 16:10:28,672 ] 58 root -INFO - entered initiate_data_transformation method of datatransformation class
[ 2026-08-20 16:10:28,672 ] 60 root -INFO - start data transformation
[ 2026-08-20 16:10:28,747 ] 40 root -INFO - entered get_data_transformer_object method of transformation
[ 2026-08-20 16:10:28,747 ] 45 root -INFO - initialize KNNImputer with {'missing_values': nan, 'n_neighbors': 3, 'weights': 'uniform'}
[ 2026-08-20 16:10:28,780 ] 41 root -INFO - entered the save_object method of MainUtils class
[ 2026-08-20 16:10:28,786 ] 45 root -INFO - excited the save_object method of mainUtils class
[ 2026-08-20 16:10:28,786 ] 41 root -INFO - entered the save_object method of MainUtils class
[ 2026-08-20 16:10:28,792 ] 45 root -INFO - excited the save_object method of mainUtils class
[ 2026-08-20 16:10:28,796 ] 61 root -INFO - Data transformation completed and DataTransformationArtifact(transformed_object_file_path='Artifacts\\08_20_2026_16_07_42\\data_transformation\\transformed_object\\preprocessing.pkl', transformed_train_file_path='Artifacts\\08_20_2026_16_07_42\\data_transformation\\transformed\\train.npy', transformed_test_file_path='Artifacts\\08_20_2026_16_07_42\\data_transformation\\transformed\\test.npy')
[ 2026-08-20 16:10:28,796 ] 70 root -INFO - start model trainer
